// Jest Snapshot v1, https://goo.gl/fbAQLP

exports[`<Menu> should renders correctly 1`] = `null`;
