// Jest Snapshot v1, https://goo.gl/fbAQLP

exports[`App component renders correctly 1`] = `
<div
  className="App"
>
  <div
    className="Poster"
  >
    <img
      alt="Logo"
      loading="lazy"
      src="logo.png"
    />
  </div>
  <div
    className="Menu"
  >
    <button
      hidden={true}
      onClick={[Function]}
    >
      Back
    </button>
    <div
      className="List"
    >
      <button>
        <a
          aria-current={null}
          href="/game"
          onClick={[Function]}
        >
          Play
        </a>
      </button>
      <button>
        <a
          aria-current={null}
          href="/author"
          onClick={[Function]}
        >
          Author
        </a>
      </button>
    </div>
    <div
      className="Links"
    >
      <a
        className="License"
        href="https://github.com/corocoto/flappy-bird/blob/master/LICENSE"
        rel="noopener noreferrer license"
        target="_blank"
        title="Link on the licence"
      />
      <a
        className="Repo"
        href="https://github.com/corocoto/flappy-bird"
        rel="noopener noreferrer bookmark"
        target="_blank"
        title="Link on the repository"
      />
    </div>
  </div>
</div>
`;
